../Core/Src/main.c:70:5:main	16	static
../Core/Src/main.c:119:6:SystemClock_Config	88	static
../Core/Src/main.c:166:13:MX_USART2_UART_Init	8	static
../Core/Src/main.c:199:13:MX_GPIO_Init	56	static
../Core/Src/main.c:337:6:TaskMonitor_App	16	static
../Core/Src/main.c:344:6:Red_LED_App	24	static
../Core/Src/main.c:353:6:Green_LED_App	24	static
../Core/Src/main.c:362:6:Delay_App	24	static
../Core/Src/main.c:385:6:HAL_TIM_PeriodElapsedCallback	16	static
../Core/Src/main.c:402:6:Error_Handler	4	static,ignoring_inline_asm
