14:32:50 **** Incremental Build of configuration Debug for project lab4 ****
make -j16 all 
arm-none-eabi-gcc "../FreeRTOS/portable/MemMang/heap_2.c" -mcpu=cortex-m4 -std=gnu11 -g3 -DDEBUG -DUSE_HAL_DRIVER -DSTM32F407xx -c -I../Core/Inc -I../Drivers/STM32F4xx_HAL_Driver/Inc -I../Drivers/STM32F4xx_HAL_Driver/Inc/Legacy -I../Drivers/CMSIS/Device/ST/STM32F4xx/Include -I../Drivers/CMSIS/Include -I"C:/Users/Mr.Lee/STM32CubeIDE/workspace_1.11.0/lab4/FreeRTOS/include" -I"C:/Users/Mr.Lee/STM32CubeIDE/workspace_1.11.0/lab4/FreeRTOS/portable/ARM_CM4F" -O0 -ffunction-sections -fdata-sections -Wall -fstack-usage -fcyclomatic-complexity -MMD -MP -MF"FreeRTOS/portable/MemMang/heap_2.d" -MT"FreeRTOS/portable/MemMang/heap_2.o" --specs=nano.specs -mfpu=fpv4-sp-d16 -mfloat-abi=hard -mthumb -o "FreeRTOS/portable/MemMang/heap_2.o"
arm-none-eabi-gcc -o "lab4.elf" @"objects.list"   -mcpu=cortex-m4 -T"C:\Users\Mr.Lee\STM32CubeIDE\workspace_1.11.0\lab4\STM32F407VGTX_FLASH.ld" --specs=nosys.specs -Wl,-Map="lab4.map" -Wl,--gc-sections -static --specs=nano.specs -mfpu=fpv4-sp-d16 -mfloat-abi=hard -mthumb -Wl,--start-group -lc -lm -Wl,--end-group
Finished building target: lab4.elf
 
arm-none-eabi-size  lab4.elf 
arm-none-eabi-objdump -h -S lab4.elf  > "lab4.list"
   text	   data	    bss	    dec	    hex	filename
  19760	    100	   7452	  27312	   6ab0	lab4.elf
Finished building: default.size.stdout
 
Finished building: lab4.list
 
14:32:58 **** Incremental Build of configuration Debug for project lab4 ****
make -j16 all 
arm-none-eabi-size  lab4.elf 
   text	   data	    bss	    dec	    hex	filename
  19760	    100	   7452	  27312	   6ab0	lab4.elf
Finished building: default.size.stdout
 
